Godot Engine v4.7.2.stable.official.ed1daf0bf - https://godotengine.org
Metal 4.0 - Forward+ - Using Device #0: Apple - Apple M2 (Apple8)

VISUAL_SETTLED: id=w96215678 spawn_y=5.293 settled_y=2.293 ground_y=2.293 clearance=0.000 frames=126 recovery_delta=0
VISUAL_CAPTURE: id=w96215678-A region=w96215678 player=(-519.422,2.293,-710.904) camera=(-513.945,3.859,-710.661) grounded=false clearance=inf image=/Volumes/Macintosh_HD/Users/user302070/code/treasure-island-housing-family-instances/evidence/housing-family-experiment/quality-round2-001/images/w96215678-A.png sha256=30f8c9cfa04b86c489f13e2d212c35794e4e7ff8bdcaff0436030d600827de52 colors=269 luminance_range=0.586
FAMILY_ROOF_GEOMETRY source=w96215678 aabb=[P: (-551.277, 8.495, -704.7132), S: (5.617065, 1.099994, 14.05927)] normal0=(-0.191655, 0.981426, -0.008492) points=7 triangles=5
FAMILY_ROOF_GEOMETRY source=w96215678 aabb=[P: (-545.8196, 8.495, -704.2495), S: (5.6203, 1.099994, 14.06354)] normal0=(0.205434, 0.978628, 0.009158) points=5 triangles=3
FAMILY_ROOF_GEOMETRY source=w96215678 aabb=[P: (-551.2756, 8.495, -695.647), S: (10.45355, 1.099994, 5.46106)] normal0=(-0.009122, 0.978621, 0.205469) points=4 triangles=2
FAMILY_ROOF_GEOMETRY source=w96215678 aabb=[P: (-550.6576, 8.495, -704.7132), S: (10.45825, 1.099994, 5.460999)] normal0=(0.009103, 0.97864, -0.205381) points=4 triangles=2
FAMILY_ROOF_GEOMETRY source=w96215678 aabb=[P: (-550.6575, 8.495, -719.5883), S: (6.353577, 1.1, 14.87225)] normal0=(-0.181106, 0.983431, -0.008034) points=4 triangles=2
FAMILY_ROOF_GEOMETRY source=w96215678 aabb=[P: (-544.4347, 8.495, -719.0601), S: (6.356567, 1.1, 14.625)] normal0=(0.181091, 0.983433, 0.00807) points=6 triangles=4
FAMILY_ROOF_GEOMETRY source=w96215678 aabb=[P: (-550.6576, 8.495, -710.4109), S: (11.68311, 1.1, 6.161072)] normal0=(-0.008034, 0.983427, 0.181126) points=6 triangles=4
FAMILY_ROOF_GEOMETRY source=w96215678 aabb=[P: (-550.0015, 8.495, -719.5883), S: (11.92334, 1.1, 6.225769)] normal0=(0.008051, 0.983441, -0.181047) points=6 triangles=4
ERROR: Index p_surface = 0 is out of bounds (surfaces.size() = 0).
   at: surface_get_arrays (scene/resources/mesh.cpp:1843)
   GDScript backtrace (most recent call first):
       [0] _hip_piece (res://game/scripts/world/facades/housing_site_family.gd:283)
       [1] _hip_roof (res://game/scripts/world/facades/housing_site_family.gd:245)
       [2] build (res://game/scripts/world/facades/housing_site_family.gd:162)
       [3] _run (res://game/tests/housing_family_experiment/capture.gd:73)
       [4] _wait_for_render (res://game/tests/rendered_visual_evidence_capture.gd:1097)
SCRIPT ERROR: Out of bounds get index '1' (on base: 'Array')
          at: _hip_piece (res://game/scripts/world/facades/housing_site_family.gd:283)
          GDScript backtrace (most recent call first):
              [0] _hip_piece (res://game/scripts/world/facades/housing_site_family.gd:283)
              [1] _hip_roof (res://game/scripts/world/facades/housing_site_family.gd:245)
              [2] build (res://game/scripts/world/facades/housing_site_family.gd:162)
              [3] _run (res://game/tests/housing_family_experiment/capture.gd:73)
              [4] _wait_for_render (res://game/tests/rendered_visual_evidence_capture.gd:1097)
FAMILY_ROOF_GEOMETRY source=w96215678 aabb=[P: (-550.0013, 8.495, -733.746), S: (5.667725, 1.099994, 14.15491)] normal0=(-0.203698, 0.978993, -0.009001) points=5 triangles=3
FAMILY_ROOF_GEOMETRY source=w96215678 aabb=[P: (-544.4933, 8.495, -733.2753), S: (5.667175, 1.099994, 14.15442)] normal0=(0.203649, 0.979002, 0.009074) points=4 triangles=2
FAMILY_ROOF_GEOMETRY source=w96215678 aabb=[P: (-550.0015, 8.495, -724.6319), S: (10.55157, 1.099994, 5.511047)] normal0=(-0.009037, 0.979021, 0.203557) points=4 triangles=2
FAMILY_ROOF_GEOMETRY source=w96215678 aabb=[P: (-549.3771, 8.495, -733.746), S: (10.55109, 1.099994, 5.510986)] normal0=(0.008975, 0.97926, -0.202411) points=6 triangles=4
VISUAL_CAPTURE: id=w96215678-B region=w96215678 player=(-519.422,2.293,-710.904) camera=(-513.945,3.859,-710.661) grounded=false clearance=inf image=/Volumes/Macintosh_HD/Users/user302070/code/treasure-island-housing-family-instances/evidence/housing-family-experiment/quality-round2-001/images/w96215678-B.png sha256=cdef7bfb9c9c09e2f6510c096302ad8b18f752f2bdce18f47b1460dc84cd7050 colors=222 luminance_range=0.588
VISUAL_SETTLED: id=w96665904 spawn_y=5.763 settled_y=2.763 ground_y=2.763 clearance=0.000 frames=126 recovery_delta=0
VISUAL_CAPTURE: id=w96665904-A region=w96665904 player=(-185.461,2.763,-854.140) camera=(-189.724,4.454,-850.679) grounded=false clearance=inf image=/Volumes/Macintosh_HD/Users/user302070/code/treasure-island-housing-family-instances/evidence/housing-family-experiment/quality-round2-001/images/w96665904-A.png sha256=13d099ca3178c96c25aea255f1001c8bb3bc6eea51ee22e685886321555afc18 colors=330 luminance_range=0.455
FAMILY_ROOF_GEOMETRY source=w96665904 aabb=[P: (-177.6843, 8.505, -888.958), S: (9.833679, 1.099999, 11.16809)] normal0=(0.153038, 0.980456, -0.123631) points=6 triangles=4
FAMILY_ROOF_GEOMETRY source=w96665904 aabb=[P: (-185.394, 8.505, -882.0679), S: (9.845215, 1.099999, 11.0946)] normal0=(-0.153021, 0.980454, 0.123672) points=6 triangles=4
FAMILY_ROOF_GEOMETRY source=w96665904 aabb=[P: (-185.394, 8.505, -888.957), S: (8.52771, 1.099999, 7.707336)] normal0=(-0.123689, 0.980458, -0.152981) points=3 triangles=1
FAMILY_ROOF_GEOMETRY source=w96665904 aabb=[P: (-176.359, 8.505, -878.6069), S: (8.513519, 1.099999, 7.659912)] normal0=(0.123162, 0.980601, 0.152491) points=6 triangles=4
FAMILY_ROOF_GEOMETRY source=w96665904 aabb=[P: (-167.2072, 8.505, -878.9211), S: (10.04865, 1.099999, 11.18915)] normal0=(0.137694, 0.984215, -0.111182) points=5 triangles=3
FAMILY_ROOF_GEOMETRY source=w96665904 aabb=[P: (-174.8828, 8.62085, -871.2498), S: (9.122253, 0.98415, 10.24023)] normal0=(-0.137682, 0.984207, 0.111263) points=7 triangles=5
FAMILY_ROOF_GEOMETRY source=w96665904 aabb=[P: (-175.8092, 8.505, -878.929), S: (9.502686, 1.099999, 8.493958)] normal0=(-0.111329, 0.984193, -0.137731) points=8 triangles=6
FAMILY_ROOF_GEOMETRY source=w96665904 aabb=[P: (-166.5797, 8.505, -868.6449), S: (9.421143, 1.099999, 8.526123)] normal0=(0.111222, 0.984213, 0.137677) points=5 triangles=3
FAMILY_ROOF_GEOMETRY source=w96665904 aabb=[P: (-158.1019, 8.790021, -865.3536), S: (8.093597, 0.814979, 9.077759)] normal0=(0.132933, 0.985288, -0.107405) points=5 triangles=3
FAMILY_ROOF_GEOMETRY source=w96665904 aabb=[P: (-157.2567, 8.505, -867.7286), S: (0.52771, 0.117855, 0.949585)] normal0=(0.106114, 0.984404, -0.140315) points=5 triangles=3
FAMILY_ROOF_GEOMETRY source=w96665904 aabb=[P: (-167.017, 8.505, -859.7621), S: (10.40134, 1.099999, 11.62646)] normal0=(-0.132954, 0.985285, 0.107406) points=9 triangles=7
FAMILY_ROOF_GEOMETRY source=w96665904 aabb=[P: (-167.0132, 8.505, -867.7319), S: (9.8573, 1.099999, 8.915649)] normal0=(-0.105938, 0.985559, -0.132096) points=9 triangles=7
FAMILY_ROOF_GEOMETRY source=w96665904 aabb=[P: (-157.5541, 8.505, -856.9772), S: (8.56308, 1.099999, 8.884155)] normal0=(0.107321, 0.985301, 0.132903) points=5 triangles=3
VISUAL_CAPTURE: id=w96665904-B region=w96665904 player=(-185.461,2.763,-854.140) camera=(-189.724,4.454,-850.679) grounded=false clearance=inf image=/Volumes/Macintosh_HD/Users/user302070/code/treasure-island-housing-family-instances/evidence/housing-family-experiment/quality-round2-001/images/w96665904-B.png sha256=8eb1a1e1ce87716cf07ff2fa332b7c47588244eeee390f9284ec4be503a80b13 colors=281 luminance_range=0.776
