VISUAL-QA FINAL MAC EXPORT SOURCE GATES — 2026-08-28

$ /usr/bin/time -p .tools/godot/4.7.2/Godot.app/Contents/MacOS/Godot --headless --path . --script game/tests/headless_scene_parse.gd
Godot Engine v4.7.2.stable.official.ed1daf0bf
PASS: parsed 4 gameplay scenes
exit=0 real=0.40s user=0.17s sys=0.03s

$ /usr/bin/time -p .tools/godot/4.7.2/Godot.app/Contents/MacOS/Godot --headless --path . --script game/tests/headless_gameplay_contract.gd
Godot Engine v4.7.2.stable.official.ed1daf0bf
PASS: gameplay inputs, jetpack defaults, boundary cases, scene hierarchies, layer defaults, and ambient fill
exit=0 real=0.41s user=0.18s sys=0.03s

$ /usr/bin/time -p .tools/godot/4.7.2/Godot.app/Contents/MacOS/Godot --headless --path . --script game/tests/validate_generated_world.gd
Godot Engine v4.7.2.stable.official.ed1daf0bf
PASS: 735 playable + 4 context rows across 38 chunks; manifest 5899ebe131bbf05525fedebdac703a321a7aaf95523a57960cb937085068cfaa
exit=0 real=2.13s user=1.84s sys=0.06s

$ /usr/bin/time -p .tools/godot/4.7.2/Godot.app/Contents/MacOS/Godot --headless --path . --script game/tests/full_runtime_integration.gd
Godot Engine v4.7.2.stable.official.ed1daf0bf
RUNTIME_CAMERA: baseline=5.500m compressed=1.783m restored=5.500m configured=5.500m
RUNTIME_LOAD: hash=5899ebe131bbf05525fedebdac703a321a7aaf95523a57960cb937085068cfaa chunks=38 records=701 meshes=701 surfaces=701 triangles=21210 bodies=466 shapes=466 sources=738 load_ms=1799
RUNTIME_GAMEPLAY: walk=1.598m run=2.228m jetpack_rise=4.000m air_walk=1.598m air_run=3.280m slow_descent=0.500m renewed_rise=1.210m landed=true resumed=0.932m manual_recovery=manual boundary_recovery=outside_boundary spray=placed ground=receiver_rejection roof=receiver_rejection context=no_hit tags=64 evicted=1
RUNTIME_HEALTH: static_memory_mib=43.2 failed_reload_code=file_open partial_nodes=0 checkpoint_scene_nodes=109
RUNTIME_CLEANUP: baseline_scene_nodes=1 final_scene_nodes=1
PASS: real main scene reached world_ready, enabled player, exercised generated physics/interactions, and failed closed without a partial world
exit=0 real=15.37s user=2.35s sys=0.39s

$ /usr/bin/time -p .tools/godot/4.7.2/Godot.app/Contents/MacOS/Godot --headless --path . -- --mac-export-smoke
Godot Engine v4.7.2.stable.official.ed1daf0bf
MAC_EXPORT_WORLD_READY: hash=5899ebe131bbf05525fedebdac703a321a7aaf95523a57960cb937085068cfaa spawn=(-104.364,1.000,786.024) yaw=-0.119 chunks=38/38 coverage=735+4 meshes=701 triangles=21210 bodies=466 shapes=466 load_ms=1798
MAC_EXPORT_VISUAL: ambient_source=2 ambient_color=(0.71,0.77,0.82,1.00) ambient_energy=0.65 sky_contribution=0.00 camera_pivot_y=2.00 spring_length=5.50 pitch=-8.0deg semantic_palette=pass
MAC_EXPORT_JETPACK: rise=2.751m ascent_velocity=5.000mps slow_descent=0.300m minimum_velocity=-1.500mps
PASS: packaged main scene reached full world_ready, enabled the player, and exercised jetpack rise/slow descent
exit=0 real=4.27s user=2.00s sys=0.14s

All five authoritative runs used the cleared project-local Godot binary outside the restricted process sandbox. Their output contained no engine errors, authored warnings, crash output, debugger breaks, or leak reports.
