Godot Engine v4.7.2.stable.official.ed1daf0bf - https://godotengine.org

PACKAGE_FILE: path=res://.godot/exported/133200997/export-3b56fb062743eda937727145e83ed2c8-main.scn bytes=3813 sha256=2b683426a183f56e5728e373bfd66e76e41a655587e82053cd574092ea795fbd
PACKAGE_FILE: path=res://.godot/exported/133200997/export-437cb14951af184369540b14fe3fe0fe-player.scn bytes=5215 sha256=63235d0bb932699d6c9c22480faceaf592e5a9eb3a41d6c67998646495b82abd
PACKAGE_FILE: path=res://.godot/exported/133200997/export-4be1834d1bfb9d43667429e35f1e9c98-world_root.scn bytes=5075 sha256=fba6287078b7bf93b76e21fd0bd116228c8e4be009cd0e1784fc113af55de20b
PACKAGE_FILE: path=res://.godot/exported/133200997/export-5175671d2d0ad3ed463fbd7ead3a5039-hud.scn bytes=3270 sha256=42357f9c8f5987df6c72d812f4408c8e9c2befad59c0eabaab224e2c126dc9bc
PACKAGE_FILE: path=res://.godot/global_script_class_cache.cfg bytes=2213 sha256=518171bd869f6958672d9f16de90fd35e3fef38978ee36eca7cef0a620c4ab47
PACKAGE_FILE: path=res://.godot/imported/predefined_tag.svg-88e573535c80d7340a27c1fbe5038bb8.ctex bytes=16720 sha256=fb2c6d6a47260e0103be9cf4d39f9d103e7da8714c02f295006d55862cbc2d8a
PACKAGE_FILE: path=res://.godot/imported/sf_skyline.svg-d0d4627eb45ced9388b172b1b3f507cb.ctex bytes=354 sha256=d8fdabddf93f790119a1be6cac7bef0e9c19799054d09ebf948792f4103baa71
PACKAGE_FILE: path=res://.godot/uid_cache.bin bytes=1128 sha256=d6f70c1f0660f9ccfe56429164b865b816ca9ea40fbc165c8c751319d7b1d0a6
PACKAGE_FILE: path=res://game/resources/textures/context/sf_skyline.svg.import bytes=198 sha256=52f26ad1de50f5e18bde48be0d57be896eb36bfb64e31cfdf646bc8cd126d342
PACKAGE_FILE: path=res://game/resources/textures/tag/predefined_tag.svg.import bytes=202 sha256=39183fa6ff5065ae9c5973bdb05ccf48ba7cefd0fc4883da5b04420df86c1ec3
PACKAGE_FILE: path=res://game/scenes/main.tscn.remap bytes=97 sha256=ac332f0db06934f0f6218765aa7f06b17a25a61beb154c5f53b71f5359cda70e
PACKAGE_FILE: path=res://game/scenes/player/player.tscn.remap bytes=99 sha256=d184169cc1b45c4a0d9fd70b1a430e9897f82980c375c1c91b3fac244d33e748
PACKAGE_FILE: path=res://game/scenes/ui/hud.tscn.remap bytes=96 sha256=92745f44c1bbd3d8adfd63a62d18408142afc17cc1d255b70cf51158569f4317
PACKAGE_FILE: path=res://game/scenes/world/world_root.tscn.remap bytes=103 sha256=0498afdec0fd78cca5a155ec4f685ae1f1fced665629f09a75d47604cd91ab81
PACKAGE_FILE: path=res://game/scripts/debug/runtime_evidence.gd.remap bytes=62 sha256=b98fa933561d3b571474661f82ea33b0953a373f5806e9f14a392d5ae740767a
PACKAGE_FILE: path=res://game/scripts/debug/runtime_evidence.gdc bytes=3931 sha256=62980627a223b990a29176c36f739933915934ba292217d4f3e0e4ec7e0a4d78
PACKAGE_FILE: path=res://game/scripts/interaction/spray_controller.gd.remap bytes=68 sha256=2d3a47cea4b2ad9c00ad1c30b5b4cbcd939263216dc847b9784ce25447ffa4b3
PACKAGE_FILE: path=res://game/scripts/interaction/spray_controller.gdc bytes=4542 sha256=e8e061abd1c45e68a0fcc267d99ef04fe50a3cb2f9fc5927e1bc7a0150efaa2a
PACKAGE_FILE: path=res://game/scripts/interaction/tag_instance_pool.gd.remap bytes=69 sha256=772f9c5bdb44debab2afd544eb8cd27b224c283603a04bff84beade499a561cb
PACKAGE_FILE: path=res://game/scripts/interaction/tag_instance_pool.gdc bytes=893 sha256=58753e39885828f5ee6c674067720d4515135cb83715243b46c605b2b3e899ee
PACKAGE_FILE: path=res://game/scripts/main.gd.remap bytes=44 sha256=2b0ee68a1949c52efdbbb3125ef22d567574af7842d8e644f6a9f99fd5e290a9
PACKAGE_FILE: path=res://game/scripts/main.gdc bytes=9365 sha256=64b5f9b1e2e6c548e7928faff10413a02db6adb9e54446a916a1cbd8262c12f2
PACKAGE_FILE: path=res://game/scripts/player/player_camera.gd.remap bytes=60 sha256=adb8b33a7e5d5e031a8db484b83d76bf50ede2b1fe9b1ffde057722df7d0b695
PACKAGE_FILE: path=res://game/scripts/player/player_camera.gdc bytes=1550 sha256=6e1eef350e256653ef85120ff809abb4309324874442fdab73f370a9367b9dcb
PACKAGE_FILE: path=res://game/scripts/player/player_controller.gd.remap bytes=64 sha256=a7efd0ad050856f72be0d29eaa2501e47bb15fd2d863191a9b2247ab21b96a9e
PACKAGE_FILE: path=res://game/scripts/player/player_controller.gdc bytes=3388 sha256=726d5aaeb71b0fc019098f7d883d876eedb0d43501bd62101dd9c534116a210b
PACKAGE_FILE: path=res://game/scripts/player/recovery_controller.gd.remap bytes=66 sha256=f85024f64cc0166bb8a10409eac17ba0e4baa89bccfb0e7019826daa69deb14a
PACKAGE_FILE: path=res://game/scripts/player/recovery_controller.gdc bytes=3065 sha256=43988af0841c1c4f76876543d4c448f32cf256ee41c50a419d71c3f8cc921939
PACKAGE_FILE: path=res://game/scripts/ui/hud.gd.remap bytes=46 sha256=cc012cc5e698556c8f0b1800bc42ef20ab4bc0bdce84b9adadb5ca4fdff41320
PACKAGE_FILE: path=res://game/scripts/ui/hud.gdc bytes=2315 sha256=b08bb033eee26c7885569d41813649df95d5d7c6ca4d4c85e41b57791d5384ad
PACKAGE_FILE: path=res://game/scripts/world/generated_world_contract.gd.remap bytes=70 sha256=2b215c657ee24547203473e595540ff1c97afce7ec9237413361bf65c5724610
PACKAGE_FILE: path=res://game/scripts/world/generated_world_contract.gdc bytes=39550 sha256=10f47ace431e6e08926f7cd184ebdb3d54c192ca7073f6076377c3662e597d3d
PACKAGE_FILE: path=res://game/scripts/world/world_boundary.gd.remap bytes=60 sha256=e38262447f2e6e4a490dc75d00fee0bde2ccfc18595a98cfb6850f5a5aefe37b
PACKAGE_FILE: path=res://game/scripts/world/world_boundary.gdc bytes=572 sha256=eac3a1e4430c15a85ba1f1e5346a4a62bfb6ddd80ccc90a551aff278ad6e2142
PACKAGE_FILE: path=res://game/scripts/world/world_chunk_builder.gd.remap bytes=65 sha256=ec9a85cc00dcd321ee54c7be83ecc26c1b4d6830d8fa738ee223a7d7a9ebcdc7
PACKAGE_FILE: path=res://game/scripts/world/world_chunk_builder.gdc bytes=7040 sha256=6817be4d7849ec2b7aa501945e342c1e652b20a4b328d0b7b5b92860a550e881
PACKAGE_FILE: path=res://game/scripts/world/world_loader.gd.remap bytes=58 sha256=f0d10d584a474f733f3fe7051b23d0eaa8771b78318fd177f69fd400b03890fe
PACKAGE_FILE: path=res://game/scripts/world/world_loader.gdc bytes=3400 sha256=b3708bb09767e18a4457e1b7566f061327c85b5b6dfd0cabd4f44d63715a0b74
PACKAGE_FILE: path=res://game/tests/automated_route_qa.gd.remap bytes=56 sha256=63f9fbe5f38b2cb7a4a0860652e94c714d5656215526ba3e95acf8f305fe9622
PACKAGE_FILE: path=res://game/tests/automated_route_qa.gdc bytes=18220 sha256=0e086703cc43ed7ad565554e2bbe8fb3d558737aea33aaf6a15a3ed419cb43f6
PACKAGE_FILE: path=res://game/tests/full_runtime_integration.gd.remap bytes=62 sha256=246a15a91995b2be4b88cd689a539e89d6d0b97726208539a370af671d1f1069
PACKAGE_FILE: path=res://game/tests/full_runtime_integration.gdc bytes=24601 sha256=0a524b6fb3e104a3066088c4b721c909bb6cf44eff023536d239c0cd1ef12452
PACKAGE_FILE: path=res://game/tests/headless_gameplay_contract.gd.remap bytes=64 sha256=5164ee9f8b2c4b5d1cf800f2e15ef73cf6ee19673c364155e8c3e232c4086446
PACKAGE_FILE: path=res://game/tests/headless_gameplay_contract.gdc bytes=4042 sha256=c474caf1187d9da9e9d73b978e0beff6016898f6c40df71cfd9b9aa8524e780b
PACKAGE_FILE: path=res://game/tests/headless_scene_parse.gd.remap bytes=58 sha256=7578fd1127fb753db8ff78d600ac7d277a7dfee070f9a2ff5b98807bf8ab2c68
PACKAGE_FILE: path=res://game/tests/headless_scene_parse.gdc bytes=692 sha256=a184d27a3477b5da2c6b42cad6fb56a081d8b7f16da9e44b19db9f1c2397834f
PACKAGE_FILE: path=res://game/tests/rendered_visual_evidence_capture.gd.remap bytes=70 sha256=37854b924d9c27a69bacb2d79462c4247da753519bb2db6521d305123948e5a2
PACKAGE_FILE: path=res://game/tests/rendered_visual_evidence_capture.gdc bytes=25366 sha256=b0d81937184741076845b508beadfb4917cd9cf7b9ed4189b55e641f67a4185e
PACKAGE_FILE: path=res://game/tests/validate_generated_world.gd.remap bytes=62 sha256=a2e84b9cfb82fd012afea2f806bd2e1227c2e7b19859a2389991780244703e9c
PACKAGE_FILE: path=res://game/tests/validate_generated_world.gdc bytes=1174 sha256=0f61790633b2def187bd8bb9354563a3d60fb88035adeaa6b3e4869c20853638
PACKAGE_FILE: path=res://generated/world/chunks/x_-1__z_-1.json bytes=158074 sha256=bba9c4ae715b703dca5de49ae93f9e949e60bb902fcc60e7b4fecad33039e9d9
PACKAGE_FILE: path=res://generated/world/chunks/x_-1__z_-2.json bytes=45414 sha256=9a47f41ff4badc08260fb5f2d34fe6feb97e64b2e34dcad8710098a917861f38
PACKAGE_FILE: path=res://generated/world/chunks/x_-1__z_-3.json bytes=305996 sha256=e119dd7cb475aaa2c0a0c05331c326878a9b8bfb38289cff796454cb7e3b283a
PACKAGE_FILE: path=res://generated/world/chunks/x_-1__z_-4.json bytes=122116 sha256=5c0e2ac96081395f3c9807259ee2fad1b8b2f473fcd46c2ff15af5f3c43951cf
PACKAGE_FILE: path=res://generated/world/chunks/x_-1__z_0.json bytes=111585 sha256=84158a97abd6d52a7eda9eb1386102fe873ab1af69225db4960e3d57b16c4060
PACKAGE_FILE: path=res://generated/world/chunks/x_-1__z_1.json bytes=129119 sha256=6cd071417a0e1f15f10527cfe9d56cae01a9fceb127114c1ddbccf7ee9a15ad6
PACKAGE_FILE: path=res://generated/world/chunks/x_-1__z_2.json bytes=195025 sha256=bcfc8a4efb04977381771b034d66371d73a69838ec497531c29a7fe61457014b
PACKAGE_FILE: path=res://generated/world/chunks/x_-1__z_3.json bytes=102490 sha256=290eee2e2efb5576ba3597500325c4b780fc25941a26c2eb92c0d67070a75734
PACKAGE_FILE: path=res://generated/world/chunks/x_-2__z_-1.json bytes=423845 sha256=7769a0f88ae828e41152fc24285e0c9e6b15235228b4aa357805c1fca6faee76
PACKAGE_FILE: path=res://generated/world/chunks/x_-2__z_-2.json bytes=298187 sha256=496e0282fd47fb4af7b52a8571e855ac6f467e65eca283ef522b2c79863c1b83
PACKAGE_FILE: path=res://generated/world/chunks/x_-2__z_-3.json bytes=344771 sha256=333608d40c2f02b6368d0b6319104040cf5539e20eb0490faefe72e5493203b5
PACKAGE_FILE: path=res://generated/world/chunks/x_-2__z_-4.json bytes=72447 sha256=5794c2fd26a99c747943918a1993517136cec7b42b5b187ceedff2bee8ba4553
PACKAGE_FILE: path=res://generated/world/chunks/x_-2__z_0.json bytes=213294 sha256=aace35b42f7a9d9b2f5674ca33d244ab459c4a0e80b0a1ecddd0abfb25a4deb6
PACKAGE_FILE: path=res://generated/world/chunks/x_-2__z_1.json bytes=28525 sha256=0ece43335753f85341e4dc60b18acf1efa5ee7d95cbd6c3ca8e5912ce3cd9fd8
PACKAGE_FILE: path=res://generated/world/chunks/x_-2__z_2.json bytes=2574 sha256=9a0eaf590878ddb8bb98b2799be4dd33f342b662c8c3ed4c4a93c96c23578a25
PACKAGE_FILE: path=res://generated/world/chunks/x_-3__z_-1.json bytes=72303 sha256=ba5793e80c3e333036de2b4f67dcc546e7382a1bbd933270d24307be811e5c74
PACKAGE_FILE: path=res://generated/world/chunks/x_-3__z_-2.json bytes=152546 sha256=3289b81cc34903eb78faf680aa2d68e62f2d3820f7b2f1324debedd42804b2c8
PACKAGE_FILE: path=res://generated/world/chunks/x_-3__z_-3.json bytes=102764 sha256=1ebec0c3ac6765ebec8186d596220cc6095cf29469c80b3c4ff09cd5c2a2eeda
PACKAGE_FILE: path=res://generated/world/chunks/x_-3__z_-4.json bytes=4519 sha256=06da8a40ba62217fcb4beef167ec83f86ce2d4bbb485763d74ad60ac19d66b85
PACKAGE_FILE: path=res://generated/world/chunks/x_-3__z_0.json bytes=4397 sha256=0237a21b76141875a8544bda3ac1550853cfd1603b6bd55feeabbfe0d0dd8a26
PACKAGE_FILE: path=res://generated/world/chunks/x_0__z_-1.json bytes=100112 sha256=17ae1c7c911c5f1df20c38d3702f763b6b7d672801eeb3d86893adc7d0c2b9fc
PACKAGE_FILE: path=res://generated/world/chunks/x_0__z_-2.json bytes=89689 sha256=a6c6f85a8346b9160fe2efd834849382b90595c975d835fd125a2ebbf2b96ee3
PACKAGE_FILE: path=res://generated/world/chunks/x_0__z_-3.json bytes=83729 sha256=f3dec1cb718ab3b0c39e49a8fbd08db96cb8acde1f0732b275c50fa409ffc444
PACKAGE_FILE: path=res://generated/world/chunks/x_0__z_-4.json bytes=70453 sha256=73a823fb058e3fbdd9e4a1c9d7cbe94db20832e8899400dcdf916d9cfbb0009d
PACKAGE_FILE: path=res://generated/world/chunks/x_0__z_0.json bytes=60108 sha256=2e9bd80e0ab4cdb81d03fffd44da69a04cb283d8b1c59b74fcfb8dedfc235f70
PACKAGE_FILE: path=res://generated/world/chunks/x_0__z_1.json bytes=140625 sha256=2b96795dbc1a50e7219b27fc8aee8c59d2bd4e19372a41adec7c5c604f6b8964
PACKAGE_FILE: path=res://generated/world/chunks/x_0__z_2.json bytes=83879 sha256=f706582da8a47691a814b5e59129296e8974e905f189f74507a60c5161b8df1a
PACKAGE_FILE: path=res://generated/world/chunks/x_0__z_3.json bytes=33751 sha256=d8c2122adb61e17adf5aba31e675d58cba131bd124f4c5ad3cde2eea4d8be9cd
PACKAGE_FILE: path=res://generated/world/chunks/x_1__z_-1.json bytes=41611 sha256=674063ff0adf7d1f7219aa565133cde4a86587928c0bc4ca8baefa5171029cb2
PACKAGE_FILE: path=res://generated/world/chunks/x_1__z_-2.json bytes=289653 sha256=ee039a88cfae28588ff8505808a76c13ea4ca2d91175329bc9cde7c66f6d36c6
PACKAGE_FILE: path=res://generated/world/chunks/x_1__z_-3.json bytes=6120 sha256=7523f4aaad1981fa08a818967cfc577595a7dfc7d5323594c22bc9fe249158c2
PACKAGE_FILE: path=res://generated/world/chunks/x_1__z_0.json bytes=34334 sha256=e9b1963834c72e4e2990e4f2e35325cdc6679d95e3fed69764c70e522c69c230
PACKAGE_FILE: path=res://generated/world/chunks/x_1__z_1.json bytes=26466 sha256=aa7ab0cc8c9c94facad2649f6785818a50f09bf2ad370f6de7aba623699ad00f
PACKAGE_FILE: path=res://generated/world/chunks/x_1__z_2.json bytes=60726 sha256=3157c30d1b6c9f340e2d122ac7c4dea14ed70959b9eb40e3e7d3cd5a49882c92
PACKAGE_FILE: path=res://generated/world/chunks/x_2__z_-1.json bytes=10579 sha256=49ab82d7f5869fc96bdb2da5a00e1a8d808d01096c9e86cca34ae2ab86378447
PACKAGE_FILE: path=res://generated/world/chunks/x_2__z_0.json bytes=17497 sha256=7ec2d01efed483a78b2c8755f98c032cfa9b45e5cfd13bd5fbc60a8cea505f19
PACKAGE_FILE: path=res://generated/world/chunks/x_2__z_1.json bytes=21991 sha256=80afa11a19f9d1a207f2032f8493778902be9762673ec80cf62930995f255480
PACKAGE_FILE: path=res://generated/world/chunks/x_2__z_2.json bytes=10850 sha256=e6b2039f3d896b067a3e5bc28edf609680fadac3989dd801fe2d5bd1264ca2a3
PACKAGE_FILE: path=res://generated/world/context.json bytes=150899 sha256=2a70a3c00cb61a9a128ddc73fb0dd943eebeb19188f3e1413289709d8b8660b7
PACKAGE_FILE: path=res://generated/world/coverage-ledger.csv bytes=147548 sha256=94b29d2075a12f489217f6c8e6c0239a4a9233ee9dc471f682de2799ea2f42ce
PACKAGE_FILE: path=res://generated/world/coverage-summary.json bytes=78797 sha256=1a4a4ebea14af5f10b034ead2f611f9d0f46213dce99ea7c87f8b414a0a4031f
PACKAGE_FILE: path=res://generated/world/logical-objects.json bytes=1273980 sha256=221c8b4fa2f6fa2625a9f316b70c560eda1fabb548bdcab7e94fe07d2b0905ab
PACKAGE_FILE: path=res://generated/world/manifest.json bytes=25966 sha256=07b8b195e1a05942e38d9bbbcb801394cf9f184051fb5f7a819c75677e46f160
PACKAGE_FILE: path=res://generated/world/qa/validation-report.json bytes=1964 sha256=7c0529a6f807d8737414ef70283c69deea900640022e76663ef6341aa93f8821
PACKAGE_FILE: path=res://project.binary bytes=6512 sha256=81ad8e12bed81d3c51b85ee54373e21f8e8616c20fa6b45fd51b28a599b4cc43
VISUAL_QA_PACKAGE_AUDIT: files=95 generated_world=44 chunks=38 manifest_sha256=07b8b195e1a05942e38d9bbbcb801394cf9f184051fb5f7a819c75677e46f160 content_sha256=5899ebe131bbf05525fedebdac703a321a7aaf95523a57960cb937085068cfaa spawn=(-104.364,1.000,786.024) yaw=-0.119 current_resources=8 physical_space=true banned=0
PASS: mounted PCK contains the exact generated world and current main/camera/palette/route resources, physical Space, and no banned authoring paths
