command=.tools/godot/4.7.2/Godot.app/Contents/MacOS/Godot --headless --editor --path . --quit
Godot Engine v4.7.2.stable.official.ed1daf0bf - https://godotengine.org

[   0% ] [90m[1mfirst_scan_filesystem[22m | Started Project initialization (5 steps)[39m[0m
[   0% ] [90m[1mfirst_scan_filesystem[22m | Scanning file structure...[39m[0m
[  16% ] [90m[1mfirst_scan_filesystem[22m | Loading global class names...[39m[0m
[  33% ] [90m[1mfirst_scan_filesystem[22m | Verifying GDExtensions...[39m[0m
[  50% ] [90m[1mfirst_scan_filesystem[22m | Creating autoload scripts...[39m[0m
[  66% ] [90m[1mfirst_scan_filesystem[22m | Initializing plugins...[39m[0m
[  83% ] [90m[1mfirst_scan_filesystem[22m | Starting file scan...[39m[0m
[92m[ DONE ][39m [1mfirst_scan_filesystem[22m
[0m
[   0% ] [90m[1mupdate_scripts_classes[22m | Started Registering global classes... (7 steps)[39m[0m
[   0% ] [90m[1mupdate_scripts_classes[22m | Building1LiveField[39m[0m
[  12% ] [90m[1mupdate_scripts_classes[22m | Building1RecognizableFacade[39m[0m
[  25% ] [90m[1mupdate_scripts_classes[22m | W34313515LiveModules[39m[0m
[  37% ] [90m[1mupdate_scripts_classes[22m | W34313520LiveModules[39m[0m
[  50% ] [90m[1mupdate_scripts_classes[22m | W34313525LiveModules[39m[0m
[  62% ] [90m[1mupdate_scripts_classes[22m | W34313564LiveModules[39m[0m
[  75% ] [90m[1mupdate_scripts_classes[22m | W291196370LiveModules[39m[0m
[92m[ DONE ][39m [1mupdate_scripts_classes[22m
[0m
[   0% ] [90m[1mloading_editor_layout[22m | Started Loading editor (5 steps)[39m[0m
[   0% ] [90m[1mloading_editor_layout[22m | Loading editor layout...[39m[0m
[  16% ] [90m[1mloading_editor_layout[22m | Loading docks...[39m[0m
[92m[ DONE ][39m [1mloading_editor_layout[22m
[0m
real 4.02
user 2.42
sys 0.56
