commands=/usr/bin/codesign --verify --deep --strict --verbose=2 APP; whole-bundle and per-arch strict verification; signer metadata and entitlements
Executable=$ROOT/build/final-verification-staging-2026-09-03-111725/Treasure Island First Playable.app/Contents/MacOS/Treasure Island First Playable
Identifier=local.treasure-island.first-playable
Format=app bundle with Mach-O thin (arm64)
CodeDirectory v=20500 size=643045 flags=0x10002(adhoc,runtime) hashes=20084+7 location=embedded
VersionPlatform=1
VersionMin=720896
VersionSDK=1704192
Hash type=sha256 size=32
CandidateCDHash sha256=2afd4a14f28c020d2f767f6ef86470ace4e8d22f
CandidateCDHashFull sha256=2afd4a14f28c020d2f767f6ef86470ace4e8d22f5b51382c999fb2edb2333c4d
Hash choices=sha256
CMSDigest=2afd4a14f28c020d2f767f6ef86470ace4e8d22f5b51382c999fb2edb2333c4d
CMSDigestType=2
Executable Segment base=0
Executable Segment limit=76595200
Executable Segment flags=0x1
Page size=4096
CDHash=2afd4a14f28c020d2f767f6ef86470ace4e8d22f
Signature=adhoc
Info.plist entries=25
TeamIdentifier=not set
Runtime Version=11.3.0
Sealed Resources version=2 rules=13 files=3
Internal requirements count=0 size=12
Executable=$ROOT/build/final-verification-staging-2026-09-03-111725/Treasure Island First Playable.app/Contents/MacOS/Treasure Island First Playable
Identifier=local.treasure-island.first-playable
Format=app bundle with Mach-O thin (x86_64)
CodeDirectory v=20500 size=676101 flags=0x10002(adhoc,runtime) hashes=21117+7 location=embedded
VersionPlatform=1
VersionMin=658688
VersionSDK=1704192
Hash type=sha256 size=32
CandidateCDHash sha256=91edec9bffd4260fc7cbe0cf5baa370fc9b5433c
CandidateCDHashFull sha256=91edec9bffd4260fc7cbe0cf5baa370fc9b5433c3cc0040d3b5ca67e88435c0e
Hash choices=sha256
CMSDigest=91edec9bffd4260fc7cbe0cf5baa370fc9b5433c3cc0040d3b5ca67e88435c0e
CMSDigestType=2
Executable Segment base=0
Executable Segment limit=81084416
Executable Segment flags=0x1
Page size=4096
CDHash=91edec9bffd4260fc7cbe0cf5baa370fc9b5433c
Signature=adhoc
Info.plist entries=25
TeamIdentifier=not set
Runtime Version=11.3.0
Sealed Resources version=2 rules=13 files=3
Internal requirements count=0 size=12
