Godot Engine v4.7.2.stable.official.ed1daf0bf - https://godotengine.org
Metal 4.0 - Forward+ - Using Device #0: Apple - Apple M2 (Apple8)

VISUAL_SETTLED: id=w96215652 spawn_y=5.357 settled_y=2.357 ground_y=2.357 clearance=-0.000 frames=126 recovery_delta=0
VISUAL_CAPTURE: id=w96215652-A region=w96215652 player=(-454.181,2.357,-641.371) camera=(-453.193,4.227,-635.962) grounded=false clearance=inf image=/Volumes/Macintosh_HD/Users/user302070/code/treasure-island-housing-family-instances/evidence/housing-family-experiment/quality-round1-002/images/w96215652-A.png sha256=997b7600fc402e820025b1d8a8ebd317d02f4ed9a012d1064af97bcdc36fc9b1 colors=316 luminance_range=0.775
VISUAL_CAPTURE: id=w96215652-B region=w96215652 player=(-454.181,2.357,-641.371) camera=(-453.193,4.227,-635.962) grounded=false clearance=inf image=/Volumes/Macintosh_HD/Users/user302070/code/treasure-island-housing-family-instances/evidence/housing-family-experiment/quality-round1-002/images/w96215652-B.png sha256=8029bee44ad9bc7653d69be1842ebf6b07279c034659f5b883f769266df88f1b colors=309 luminance_range=0.772
VISUAL_SETTLED: id=w96215691 spawn_y=5.556 settled_y=2.557 ground_y=2.556 clearance=0.000 frames=126 recovery_delta=0
VISUAL_CAPTURE: id=w96215691-A region=w96215691 player=(-357.576,2.557,-604.028) camera=(-355.387,4.235,-609.063) grounded=false clearance=inf image=/Volumes/Macintosh_HD/Users/user302070/code/treasure-island-housing-family-instances/evidence/housing-family-experiment/quality-round1-002/images/w96215691-A.png sha256=9f088b57f91c42e05458a479b39804606a9395d868639f94368695ad4365d778 colors=327 luminance_range=0.538
VISUAL_CAPTURE: id=w96215691-B region=w96215691 player=(-357.576,2.557,-604.028) camera=(-355.387,4.235,-609.063) grounded=false clearance=inf image=/Volumes/Macintosh_HD/Users/user302070/code/treasure-island-housing-family-instances/evidence/housing-family-experiment/quality-round1-002/images/w96215691-B.png sha256=4937417d444b78db9602050bca0cd6a536e7e3a3989f0fe4acdaad342a7b0679 colors=277 luminance_range=0.632
VISUAL_SETTLED: id=w96665904 spawn_y=5.763 settled_y=2.763 ground_y=2.763 clearance=0.000 frames=126 recovery_delta=0
VISUAL_CAPTURE: id=w96665904-A region=w96665904 player=(-185.461,2.763,-854.140) camera=(-189.724,4.454,-850.679) grounded=false clearance=inf image=/Volumes/Macintosh_HD/Users/user302070/code/treasure-island-housing-family-instances/evidence/housing-family-experiment/quality-round1-002/images/w96665904-A.png sha256=0fe798260a679db6adb81b7a78139e1ab263a446958166354062abe341426e38 colors=331 luminance_range=0.455
FAMILY_ROOF_GEOMETRY source=w96665904 aabb=[P: (-176.2847, 8.901, -887.4093), S: (26.27643, 0.75, 31.13342)] normal0=(0.07406, 0.993073, -0.091223) points=14 triangles=12
FAMILY_ROOF_GEOMETRY source=w96665904 aabb=[P: (-185.394, 8.901, -882.0679), S: (28.58725, 0.75, 33.71899)] normal0=(-0.089488, 0.993361, 0.072285) points=17 triangles=15
FAMILY_ROOF_GEOMETRY source=w96665904 aabb=[P: (-185.394, 8.901, -888.958), S: (9.778809, 0.75, 7.856934)] normal0=(-0.072302, 0.993363, -0.089452) points=4 triangles=2
FAMILY_ROOF_GEOMETRY source=w96665904 aabb=[P: (-157.7247, 8.901, -856.9974), S: (8.733673, 0.75, 8.904419)] normal0=(0.072248, 0.993364, 0.089485) points=5 triangles=3
VISUAL_CAPTURE: id=w96665904-B region=w96665904 player=(-185.461,2.763,-854.140) camera=(-189.724,4.454,-850.679) grounded=false clearance=inf image=/Volumes/Macintosh_HD/Users/user302070/code/treasure-island-housing-family-instances/evidence/housing-family-experiment/quality-round1-002/images/w96665904-B.png sha256=f2ef6150371a09e4820c362a0dafd0d0599ebe4104f253002178cc53c30f7f33 colors=276 luminance_range=0.688
VISUAL_SETTLED: id=w96665911 spawn_y=5.410 settled_y=2.410 ground_y=2.410 clearance=-0.000 frames=126 recovery_delta=0
VISUAL_CAPTURE: id=w96665911-A region=w96665911 player=(-297.098,2.410,-834.004) camera=(-291.805,4.203,-835.483) grounded=false clearance=inf image=/Volumes/Macintosh_HD/Users/user302070/code/treasure-island-housing-family-instances/evidence/housing-family-experiment/quality-round1-002/images/w96665911-A.png sha256=9d360423d224e5aad0da7161101d98f03689eac4756536f1695e8570ee20320e colors=310 luminance_range=0.560
FAMILY_ROOF_GEOMETRY source=w96665911 aabb=[P: (-345.8325, 7.695, -822.3261), S: (7.917236, 0.75, 13.00861)] normal0=(-0.126557, 0.990965, -0.044414) points=4 triangles=2
FAMILY_ROOF_GEOMETRY source=w96665911 aabb=[P: (-338.819, 7.814414, -818.1147), S: (6.843628, 0.630586, 11.3681)] normal0=(0.126541, 0.990965, 0.04445) points=4 triangles=2
FAMILY_ROOF_GEOMETRY source=w96665911 aabb=[P: (-345.843, 7.695, -812.6865), S: (9.877289, 0.75, 6.772522)] normal0=(-0.044453, 0.990955, 0.12662) points=6 triangles=4
FAMILY_ROOF_GEOMETRY source=w96665911 aabb=[P: (-341.3089, 7.695, -822.3261), S: (10.45837, 0.75, 7.064758)] normal0=(0.044509, 0.990946, -0.126666) points=5 triangles=3
FAMILY_ROOF_GEOMETRY source=w96665911 aabb=[P: (-341.2943, 7.695, -836.569), S: (8.615234, 0.749996, 14.20105)] normal0=(-0.116932, 0.992291, -0.041054) points=5 triangles=3
FAMILY_ROOF_GEOMETRY source=w96665911 aabb=[P: (-333.6954, 7.695, -832.5486), S: (8.583588, 0.749996, 14.17755)] normal0=(0.116917, 0.992291, 0.04109) points=7 triangles=5
FAMILY_ROOF_GEOMETRY source=w96665911 aabb=[P: (-341.3089, 7.695, -826.0182), S: (11.28571, 0.749996, 7.64447)] normal0=(-0.041052, 0.992298, 0.116874) points=5 triangles=3
FAMILY_ROOF_GEOMETRY source=w96665911 aabb=[P: (-336.3564, 7.695, -836.569), S: (11.26544, 0.749996, 7.655457)] normal0=(0.040872, 0.992367, -0.116354) points=5 triangles=3
FAMILY_ROOF_GEOMETRY source=w96665911 aabb=[P: (-336.3431, 7.695, -849.496), S: (7.905518, 0.749996, 12.88861)] normal0=(-0.125832, 0.991065, -0.044241) points=5 triangles=3
FAMILY_ROOF_GEOMETRY source=w96665911 aabb=[P: (-329.2936, 7.804334, -845.3463), S: (6.921997, 0.640662, 11.3844)] normal0=(0.125891, 0.991057, 0.044243) points=4 triangles=2
FAMILY_ROOF_GEOMETRY source=w96665911 aabb=[P: (-336.3564, 7.695, -839.9937), S: (10.47394, 0.749996, 7.101196)] normal0=(-0.044204, 0.991069, 0.125808) points=6 triangles=4
FAMILY_ROOF_GEOMETRY source=w96665911 aabb=[P: (-331.8245, 7.695, -849.483), S: (9.72345, 0.749996, 7.050598)] normal0=(0.044224, 0.991063, -0.12585) points=4 triangles=2
VISUAL_CAPTURE: id=w96665911-B region=w96665911 player=(-297.098,2.410,-834.004) camera=(-291.805,4.203,-835.483) grounded=false clearance=inf image=/Volumes/Macintosh_HD/Users/user302070/code/treasure-island-housing-family-instances/evidence/housing-family-experiment/quality-round1-002/images/w96665911-B.png sha256=7abcbb5d64b162da493a2318eec07b8d5c6347e4c5ca6c9274d3c54e15f24453 colors=305 luminance_range=0.560
