Godot Engine v4.7.2.stable.official.ed1daf0bf - https://godotengine.org
Metal 4.0 - Forward+ - Using Device #0: Apple - Apple M2 (Apple8)

FAMILY_ROOF_GEOMETRY source=w96215678 aabb=[P: (-551.277, 8.145, -704.7132), S: (5.617065, 1.249992, 14.05927)] normal0=(-0.218426, 0.975806, -0.009681) points=7 triangles=5
FAMILY_ROOF_GEOMETRY source=w96215678 aabb=[P: (-545.8196, 8.145, -704.2495), S: (5.6203, 1.249992, 14.06354)] normal0=(0.232026, 0.972655, 0.010327) points=5 triangles=3
FAMILY_ROOF_GEOMETRY source=w96215678 aabb=[P: (-551.2756, 8.145, -695.647), S: (10.45355, 1.249992, 5.46106)] normal0=(-0.01029, 0.972647, 0.232061) points=4 triangles=2
FAMILY_ROOF_GEOMETRY source=w96215678 aabb=[P: (-550.6576, 8.145, -704.7132), S: (10.45825, 1.249992, 5.460999)] normal0=(0.010309, 0.972625, -0.232152) points=4 triangles=2
FAMILY_ROOF_GEOMETRY source=w96215678 aabb=[P: (-550.6575, 8.145, -719.5883), S: (6.353577, 1.25, 14.87225)] normal0=(-0.20485, 0.978751, -0.009081) points=4 triangles=2
FAMILY_ROOF_GEOMETRY source=w96215678 aabb=[P: (-544.4347, 8.145, -719.0601), S: (6.356567, 1.25, 14.625)] normal0=(0.204794, 0.978763, 0.009118) points=6 triangles=4
FAMILY_ROOF_GEOMETRY source=w96215678 aabb=[P: (-550.6576, 8.145, -710.4109), S: (11.68311, 1.25, 6.161072)] normal0=(-0.009154, 0.97877, 0.204759) points=6 triangles=4
FAMILY_ROOF_GEOMETRY source=w96215678 aabb=[P: (-550.0015, 8.145, -719.5883), S: (11.92334, 1.25, 6.225769)] normal0=(0.009099, 0.97879, -0.204664) points=6 triangles=4
FAMILY_ROOF_GEOMETRY source=w96215678 aabb=[P: (-538.4246, 8.145, -719.0769), S: (0.346558, 0.005278, 0.016846)] normal0=(0.015173, 0.999885, 0.000666) points=3 triangles=1
FAMILY_ROOF_GEOMETRY source=w96215678 aabb=[P: (-538.7712, 8.145, -719.0908), S: (0.693115, 0.005278, 0.030762)] normal0=(-0.042724, 0.268098, 0.962444) points=3 triangles=1
FAMILY_ROOF_GEOMETRY source=w96215678 aabb=[P: (-550.0013, 8.145, -733.746), S: (5.667725, 1.249992, 14.15491)] normal0=(-0.23007, 0.973121, -0.010202) points=5 triangles=3
FAMILY_ROOF_GEOMETRY source=w96215678 aabb=[P: (-544.4933, 8.145, -733.2753), S: (5.667175, 1.249992, 14.15442)] normal0=(0.230048, 0.973126, 0.010202) points=4 triangles=2
FAMILY_ROOF_GEOMETRY source=w96215678 aabb=[P: (-550.0015, 8.145, -724.6319), S: (10.55157, 1.249992, 5.511047)] normal0=(-0.0102, 0.973177, 0.229831) points=4 triangles=2
FAMILY_ROOF_GEOMETRY source=w96215678 aabb=[P: (-549.3771, 8.145, -733.746), S: (10.55109, 1.249992, 5.510986)] normal0=(0.010137, 0.973456, -0.228649) points=6 triangles=4
FAMILY_ROOF_GEOMETRY source=w96665904 aabb=[P: (-177.6843, 8.155, -888.958), S: (9.833679, 1.25, 11.16809)] normal0=(0.172891, 0.974988, -0.139669) points=6 triangles=4
FAMILY_ROOF_GEOMETRY source=w96665904 aabb=[P: (-185.394, 8.155, -882.0679), S: (9.845215, 1.25, 11.0946)] normal0=(-0.172919, 0.974976, 0.139715) points=6 triangles=4
FAMILY_ROOF_GEOMETRY source=w96665904 aabb=[P: (-185.394, 8.155, -888.957), S: (8.52771, 1.25, 7.707336)] normal0=(-0.139737, 0.974973, -0.172922) points=3 triangles=1
FAMILY_ROOF_GEOMETRY source=w96665904 aabb=[P: (-176.359, 8.155, -878.6069), S: (8.513519, 1.25, 7.659912)] normal0=(0.139179, 0.975159, 0.17232) points=6 triangles=4
FAMILY_ROOF_GEOMETRY source=w96665904 aabb=[P: (-167.2072, 8.155, -878.9211), S: (10.04865, 1.25, 11.18915)] normal0=(0.155741, 0.979753, -0.125813) points=5 triangles=3
FAMILY_ROOF_GEOMETRY source=w96665904 aabb=[P: (-174.8828, 8.286647, -871.2498), S: (9.122253, 1.118353, 10.24023)] normal0=(-0.155763, 0.979749, 0.125815) points=7 triangles=5
FAMILY_ROOF_GEOMETRY source=w96665904 aabb=[P: (-175.8092, 8.155, -878.929), S: (9.502686, 1.25, 8.493958)] normal0=(-0.125922, 0.979733, -0.155776) points=8 triangles=6
FAMILY_ROOF_GEOMETRY source=w96665904 aabb=[P: (-166.5797, 8.155, -868.6449), S: (9.421143, 1.25, 8.526123)] normal0=(0.125815, 0.979749, 0.155763) points=5 triangles=3
FAMILY_ROOF_GEOMETRY source=w96665904 aabb=[P: (-158.1019, 8.478888, -865.3536), S: (8.093597, 0.926112, 9.077759)] normal0=(0.150442, 0.981123, -0.121512) points=5 triangles=3
FAMILY_ROOF_GEOMETRY source=w96665904 aabb=[P: (-157.2567, 8.155, -867.7286), S: (0.52771, 0.133927, 0.949585)] normal0=(0.119479, 0.979955, -0.159414) points=5 triangles=3
FAMILY_ROOF_GEOMETRY source=w96665904 aabb=[P: (-167.017, 8.155, -859.7621), S: (10.40134, 1.25, 11.62646)] normal0=(-0.150425, 0.98112, 0.121553) points=9 triangles=7
FAMILY_ROOF_GEOMETRY source=w96665904 aabb=[P: (-167.0132, 8.155, -867.7319), S: (9.8573, 1.25, 8.915649)] normal0=(-0.119864, 0.981469, -0.149505) points=9 triangles=7
FAMILY_ROOF_GEOMETRY source=w96665904 aabb=[P: (-157.5541, 8.155, -856.9772), S: (8.56308, 1.25, 8.884155)] normal0=(0.121464, 0.981139, 0.150373) points=5 triangles=3
FAMILY_ROOF_GEOMETRY source=w96665911 aabb=[P: (-345.8325, 7.695, -822.3261), S: (7.917236, 1.1, 13.00861)] normal0=(-0.183719, 0.980861, -0.064497) points=4 triangles=2
FAMILY_ROOF_GEOMETRY source=w96665911 aabb=[P: (-338.819, 7.87014, -818.1147), S: (6.843628, 0.92486, 11.3681)] normal0=(0.183698, 0.980865, 0.064496) points=4 triangles=2
FAMILY_ROOF_GEOMETRY source=w96665911 aabb=[P: (-345.843, 7.695, -812.6865), S: (9.877289, 1.1, 6.772522)] normal0=(-0.064539, 0.980844, 0.18379) points=6 triangles=4
FAMILY_ROOF_GEOMETRY source=w96665911 aabb=[P: (-341.3089, 7.695, -822.3261), S: (10.45837, 1.1, 7.064758)] normal0=(0.064605, 0.980814, -0.183928) points=5 triangles=3
FAMILY_ROOF_GEOMETRY source=w96665911 aabb=[P: (-341.2943, 7.695, -836.569), S: (8.615234, 1.099994, 14.20105)] normal0=(-0.170036, 0.98363, -0.059672) points=5 triangles=3
FAMILY_ROOF_GEOMETRY source=w96665911 aabb=[P: (-333.6954, 7.695, -832.5486), S: (8.583588, 1.099994, 14.17755)] normal0=(0.169978, 0.983637, 0.059708) points=7 triangles=5
FAMILY_ROOF_GEOMETRY source=w96665911 aabb=[P: (-341.3089, 7.695, -826.0182), S: (11.28571, 1.099994, 7.64447)] normal0=(-0.059669, 0.983641, 0.169972) points=5 triangles=3
FAMILY_ROOF_GEOMETRY source=w96665911 aabb=[P: (-336.3564, 7.695, -836.569), S: (11.26544, 1.099994, 7.655457)] normal0=(0.059424, 0.983784, -0.169224) points=5 triangles=3
FAMILY_ROOF_GEOMETRY source=w96665911 aabb=[P: (-336.3431, 7.695, -849.496), S: (7.905518, 1.099994, 12.88861)] normal0=(-0.182656, 0.981075, -0.064252) points=5 triangles=3
FAMILY_ROOF_GEOMETRY source=w96665911 aabb=[P: (-329.2936, 7.855357, -845.3463), S: (6.921997, 0.939638, 11.3844)] normal0=(0.182794, 0.981054, 0.064179) points=4 triangles=2
FAMILY_ROOF_GEOMETRY source=w96665911 aabb=[P: (-336.3564, 7.695, -839.9937), S: (10.47394, 1.099994, 7.101196)] normal0=(-0.064174, 0.981079, 0.182665) points=6 triangles=4
FAMILY_ROOF_GEOMETRY source=w96665911 aabb=[P: (-331.8245, 7.695, -849.483), S: (9.72345, 1.099994, 7.050598)] normal0=(0.064195, 0.981069, -0.182711) points=4 triangles=2
FAMILY_ROOF_GEOMETRY source=w96215646 aabb=[P: (-278.3344, 8.405, -661.3797), S: (0.381592, 0.000367, 0.030212)] normal0=(-0.078535, 0.091344, 0.992718) points=3 triangles=1
FAMILY_ROOF_GEOMETRY source=w96215646 aabb=[P: (-278.716, 8.405, -661.4099), S: (0.381622, 0.000367, 0.030212)] normal0=(-0.000978, 1.0, -0.000076) points=3 triangles=1
FAMILY_ROOF_GEOMETRY source=w96215646 aabb=[P: (-278.716, 8.405, -661.4099), S: (0.416321, 0.000367, 0.032959)] normal0=(0.078518, 0.091361, -0.992718) points=3 triangles=1
FAMILY_ROOF_GEOMETRY source=w96215646 aabb=[P: (-278.716, 8.405, -661.4096), S: (0.763214, 0.000367, 0.06012)] normal0=(-0.072464, 0.385274, 0.919953) points=3 triangles=1
FAMILY_ROOF_GEOMETRY source=w96215646 aabb=[P: (-271.1329, 8.405, -674.7025), S: (6.168945, 1.149997, 14.28204)] normal0=(0.202546, 0.979142, 0.015991) points=7 triangles=5
FAMILY_ROOF_GEOMETRY source=w96215646 aabb=[P: (-277.0368, 8.405, -675.568), S: (6.167236, 1.149997, 14.2887)] normal0=(-0.20436, 0.978764, -0.016085) points=7 triangles=5
FAMILY_ROOF_GEOMETRY source=w96215646 aabb=[P: (-275.9111, 8.405, -675.57), S: (10.94162, 1.149997, 5.905884)] normal0=(0.016101, 0.978802, -0.204173) points=4 triangles=2
FAMILY_ROOF_GEOMETRY source=w96215646 aabb=[P: (-277.037, 8.405, -666.3209), S: (10.94272, 1.149997, 5.905579)] normal0=(-0.016168, 0.978586, 0.205202) points=5 triangles=3
FAMILY_ROOF_GEOMETRY source=w96215646 aabb=[P: (-273.0963, 8.610164, -659.3782), S: (5.787048, 0.944831, 12.81958)] normal0=(0.178158, 0.983901, 0.014088) points=4 triangles=2
FAMILY_ROOF_GEOMETRY source=w96215646 aabb=[P: (-266.8586, 8.405, -660.4153), S: (0.763916, 0.129039, 0.708435)] normal0=(0.178158, 0.983901, 0.014088) points=3 triangles=1
FAMILY_ROOF_GEOMETRY source=w96215646 aabb=[P: (-279.9028, 8.405, -661.4096), S: (7.000275, 1.149995, 15.07971)] normal0=(-0.178214, 0.983891, -0.014053) points=7 triangles=5
FAMILY_ROOF_GEOMETRY source=w96215646 aabb=[P: (-278.716, 8.405, -661.4096), S: (12.62137, 1.149995, 6.8078)] normal0=(0.014034, 0.983903, -0.178149) points=9 triangles=7
FAMILY_ROOF_GEOMETRY source=w96215646 aabb=[P: (-279.9029, 8.405, -652.1423), S: (11.57474, 1.149995, 6.718384)] normal0=(-0.014052, 0.983895, 0.178193) points=8 triangles=6
FAMILY_ROOF_GEOMETRY source=w96215646 aabb=[P: (-279.903, 8.405, -646.3287), S: (0.470673, 0.001898, 0.037964)] normal0=(-0.004015, 0.999992, -0.000291) points=3 triangles=1
FAMILY_ROOF_GEOMETRY source=w96215646 aabb=[P: (-279.9029, 8.405, -646.3287), S: (0.958649, 0.001898, 0.075562)] normal0=(0.071428, 0.41754, -0.905847) points=3 triangles=1
FAMILY_ROOF_GEOMETRY source=w96215646 aabb=[P: (-273.2894, 8.405, -645.2115), S: (6.136322, 1.149997, 14.30255)] normal0=(0.205598, 0.978502, 0.016246) points=6 triangles=4
FAMILY_ROOF_GEOMETRY source=w96215646 aabb=[P: (-279.156, 8.405, -646.1804), S: (6.145233, 1.149997, 14.41388)] normal0=(-0.205648, 0.978492, -0.016173) points=7 triangles=5
FAMILY_ROOF_GEOMETRY source=w96215646 aabb=[P: (-278.0211, 8.405, -646.1804), S: (10.74664, 1.149997, 5.86731)] normal0=(0.016227, 0.978512, -0.205552) points=5 triangles=3
FAMILY_ROOF_GEOMETRY source=w96215646 aabb=[P: (-279.156, 8.405, -636.7763), S: (10.87698, 1.149997, 5.86731)] normal0=(-0.01625, 0.97843, 0.205938) points=4 triangles=2
VISUAL_SETTLED: id=w96215649 spawn_y=5.600 settled_y=2.600 ground_y=2.600 clearance=0.000 frames=125 recovery_delta=0
VISUAL_CAPTURE: id=w96215649-LIVE region=w96215649 player=(-186.794,2.600,-604.809) camera=(-188.249,4.353,-610.107) grounded=false clearance=inf image=/Volumes/Macintosh_HD/Users/user302070/code/treasure-island-housing-family-instances/evidence/housing-family-experiment/live-integration-004/images/w96215649-LIVE.png sha256=8f6e4295b5f2b9a09b1e8981205ffcb41e33df69cbf82a7b6ce5e07cb5cdce2b colors=286 luminance_range=0.641
VISUAL_SETTLED: id=w96215651 spawn_y=5.346 settled_y=2.346 ground_y=2.346 clearance=-0.000 frames=126 recovery_delta=0
VISUAL_CAPTURE: id=w96215651-LIVE region=w96215651 player=(-392.007,2.346,-643.026) camera=(-389.359,4.097,-647.840) grounded=false clearance=inf image=/Volumes/Macintosh_HD/Users/user302070/code/treasure-island-housing-family-instances/evidence/housing-family-experiment/live-integration-004/images/w96215651-LIVE.png sha256=c45fd1db484639a4382c4d19085eff66586a77bdaf3d03b2fd1d5c24788eb830 colors=300 luminance_range=0.601
VISUAL_SETTLED: id=w96215652 spawn_y=5.357 settled_y=2.357 ground_y=2.357 clearance=-0.000 frames=126 recovery_delta=0
VISUAL_CAPTURE: id=w96215652-LIVE region=w96215652 player=(-454.181,2.357,-641.371) camera=(-453.193,4.227,-635.962) grounded=false clearance=inf image=/Volumes/Macintosh_HD/Users/user302070/code/treasure-island-housing-family-instances/evidence/housing-family-experiment/live-integration-004/images/w96215652-LIVE.png sha256=26c593af88952516d1c24cea2b7ade648012c073b4512d0e667f15c18b301cc2 colors=312 luminance_range=0.733
VISUAL_SETTLED: id=w96215653 spawn_y=5.066 settled_y=2.066 ground_y=2.066 clearance=0.000 frames=126 recovery_delta=0
VISUAL_CAPTURE: id=w96215653-LIVE region=w96215653 player=(-316.664,2.066,-790.004) camera=(-311.794,3.823,-792.547) grounded=false clearance=inf image=/Volumes/Macintosh_HD/Users/user302070/code/treasure-island-housing-family-instances/evidence/housing-family-experiment/live-integration-004/images/w96215653-LIVE.png sha256=6602d0795345b6ff84505612f86575e219c0b3a850a81b6fe8ddca4cb8f77465 colors=235 luminance_range=0.610
VISUAL_SETTLED: id=w96215656 spawn_y=4.692 settled_y=1.693 ground_y=1.692 clearance=0.000 frames=126 recovery_delta=0
VISUAL_CAPTURE: id=w96215656-LIVE region=w96215656 player=(-448.442,1.693,-767.255) camera=(-450.974,3.292,-772.121) grounded=false clearance=inf image=/Volumes/Macintosh_HD/Users/user302070/code/treasure-island-housing-family-instances/evidence/housing-family-experiment/live-integration-004/images/w96215656-LIVE.png sha256=091529a1a3ec4c84cd4dc751d98b58922c566962f880ee12b8f586d234300cf2 colors=267 luminance_range=0.616
VISUAL_SETTLED: id=w96215658 spawn_y=5.943 settled_y=2.943 ground_y=2.943 clearance=0.000 frames=126 recovery_delta=0
VISUAL_CAPTURE: id=w96215658-LIVE region=w96215658 player=(-174.856,2.943,-838.739) camera=(-178.730,4.811,-842.641) grounded=false clearance=inf image=/Volumes/Macintosh_HD/Users/user302070/code/treasure-island-housing-family-instances/evidence/housing-family-experiment/live-integration-004/images/w96215658-LIVE.png sha256=c5d9b8f10d10ab46887adeb0657d5541c4ce46d76df3600f261d62aab2332570 colors=300 luminance_range=0.752
ERROR: VISUAL_CAPTURE_FAIL: { "ok": false, "message": "w96215659 anchor hit  rather than land_ground." }
   at: push_error (core/variant/variant_utility.cpp:1023)
   GDScript backtrace (most recent call first):
       [0] _fail (res://game/tests/rendered_visual_evidence_capture.gd:1251)
       [1] _require (res://game/tests/rendered_visual_evidence_capture.gd:1243)
       [2] _run (res://game/tests/housing_family_experiment/normal_capture.gd:43)
       [3] _wait_for_render (res://game/tests/rendered_visual_evidence_capture.gd:1097)
ERROR: VISUAL_CAPTURE_FAIL: Incomplete normal-play captures
   at: push_error (core/variant/variant_utility.cpp:1023)
   GDScript backtrace (most recent call first):
       [0] _fail (res://game/tests/rendered_visual_evidence_capture.gd:1251)
       [1] _run (res://game/tests/housing_family_experiment/normal_capture.gd:51)
       [2] _wait_for_render (res://game/tests/rendered_visual_evidence_capture.gd:1097)
FAMILY_TINY_CONTACT_UNRESOLVED source=w96215678 mesh=909 max_triangle_area=0.00008151482325
FAMILY_TINY_CONTACT_UNRESOLVED source=w96215678 mesh=927 max_triangle_area=0.00008058294043
FAMILY_LIVE_FIT source=w96215678 bodies=3 mesh_contact_samples=967 tiny_meshes_not_ray_proved=2
FAMILY_TINY_CONTACT_UNRESOLVED source=w96215653 mesh=749 max_triangle_area=0.00007638478564
FAMILY_TINY_CONTACT_UNRESOLVED source=w96215653 mesh=751 max_triangle_area=0.00002003510781
FAMILY_TINY_CONTACT_UNRESOLVED source=w96215653 mesh=753 max_triangle_area=0.00007638478564
FAMILY_TINY_CONTACT_UNRESOLVED source=w96215653 mesh=798 max_triangle_area=0.00007208326133
FAMILY_TINY_CONTACT_UNRESOLVED source=w96215653 mesh=800 max_triangle_area=0.00007208326133
FAMILY_TINY_CONTACT_UNRESOLVED source=w96215653 mesh=823 max_triangle_area=0.00007731853839
FAMILY_TINY_CONTACT_UNRESOLVED source=w96215653 mesh=825 max_triangle_area=0.00002028002564
FAMILY_TINY_CONTACT_UNRESOLVED source=w96215653 mesh=827 max_triangle_area=0.00002028002564
FAMILY_TINY_CONTACT_UNRESOLVED source=w96215653 mesh=829 max_triangle_area=0.00007731853839
FAMILY_TINY_CONTACT_UNRESOLVED source=w96215653 mesh=923 max_triangle_area=0.00004503041782
FAMILY_TINY_CONTACT_UNRESOLVED source=w96215653 mesh=1130 max_triangle_area=0.0
FAMILY_TINY_CONTACT_UNRESOLVED source=w96215653 mesh=1150 max_triangle_area=0.00000748368029
FAMILY_LIVE_FIT source=w96215653 bodies=3 mesh_contact_samples=1173 tiny_meshes_not_ray_proved=12
FAMILY_TINY_CONTACT_UNRESOLVED source=w96215659 mesh=736 max_triangle_area=0.00001115178475
FAMILY_TINY_CONTACT_UNRESOLVED source=w96215659 mesh=1058 max_triangle_area=0.00001091944068
FAMILY_TINY_CONTACT_UNRESOLVED source=w96215659 mesh=1059 max_triangle_area=0.00001091944068
FAMILY_TINY_CONTACT_UNRESOLVED source=w96215659 mesh=1066 max_triangle_area=0.0
FAMILY_TINY_CONTACT_UNRESOLVED source=w96215659 mesh=1067 max_triangle_area=0.00004727229316
FAMILY_TINY_CONTACT_UNRESOLVED source=w96215659 mesh=1068 max_triangle_area=0.00000045347781
FAMILY_TINY_CONTACT_UNRESOLVED source=w96215659 mesh=1096 max_triangle_area=0.00000018995503
FAMILY_TINY_CONTACT_UNRESOLVED source=w96215659 mesh=1106 max_triangle_area=0.00000644088141
FAMILY_TINY_CONTACT_UNRESOLVED source=w96215659 mesh=1122 max_triangle_area=0.00000020739589
FAMILY_LIVE_FIT source=w96215659 bodies=3 mesh_contact_samples=1154 tiny_meshes_not_ray_proved=9
FAMILY_LIVE_FIT source=w96665911 bodies=3 mesh_contact_samples=659 tiny_meshes_not_ray_proved=0
FAMILY_TINY_CONTACT_UNRESOLVED source=w96215646 mesh=826 max_triangle_area=0.00000695539711
FAMILY_TINY_CONTACT_UNRESOLVED source=w96215646 mesh=827 max_triangle_area=0.00005823097672
FAMILY_TINY_CONTACT_UNRESOLVED source=w96215646 mesh=828 max_triangle_area=0.00000695476592
FAMILY_TINY_CONTACT_UNRESOLVED source=w96215646 mesh=830 max_triangle_area=0.00000839238055
FAMILY_TINY_CONTACT_UNRESOLVED source=w96215646 mesh=865 max_triangle_area=0.00004563665061
FAMILY_TINY_CONTACT_UNRESOLVED source=w96215646 mesh=883 max_triangle_area=0.00001177072409
FAMILY_TINY_CONTACT_UNRESOLVED source=w96215646 mesh=889 max_triangle_area=0.000047064721
FAMILY_LIVE_FIT source=w96215646 bodies=3 mesh_contact_samples=1000 tiny_meshes_not_ray_proved=7
FAMILY_TINY_CONTACT_UNRESOLVED source=w96215651 mesh=763 max_triangle_area=0.00006272811879
FAMILY_TINY_CONTACT_UNRESOLVED source=w96215651 mesh=789 max_triangle_area=0.00006257928908
ERROR: VISUAL_CAPTURE_FAIL: Installed mesh contact missing w96215651 role support mesh 879 triangle 0 points (-379.0291, 2.6113, -607.9038) (-378.9375, 2.6052, -607.9592) (-377.9491, 2.606, -606.8895) area 0.07647148519754 actual_hit { "position": (-378.6385, 2.608818, -607.5842), "normal": (0.027033, 0.999307, -0.025603), "face_index": 4884, "collider_id": 1776992473020, "collider": FamilyContact_support:<StaticBody3D#1776992473020>, "shape": 0, "rid": RID(539782899827248) }
   at: push_error (core/variant/variant_utility.cpp:1023)
   GDScript backtrace (most recent call first):
       [0] _fail (res://game/tests/rendered_visual_evidence_capture.gd:1251)
       [1] _require (res://game/tests/rendered_visual_evidence_capture.gd:1243)
       [2] _verify_family (res://game/tests/housing_family_experiment/normal_capture.gd:118)
       [3] _run (res://game/tests/housing_family_experiment/normal_capture.gd:52)
       [4] _wait_for_render (res://game/tests/rendered_visual_evidence_capture.gd:1097)
